Component: ARM Compiler 6.16 Tool: armlink [5dfeaa00]

==============================================================================

Section Cross References

    main.o(DATA) refers (Special) to gpio.o(.text) for PortF_Output
    main.o(DATA) refers (Special) to utils.o(.text) for SysTick_Wait1ms
    main.o(.text) refers (Special) to gpio.o(.text) for PortF_Output
    main.o(.text) refers (Special) to utils.o(.text) for SysTick_Wait1ms
    main.o(.text) refers to ligar_leds.o(.text) for Ligar_LEDs
    main.o(.text) refers to testar_chaves.o(.text) for Testar_Chaves
    main.o(.text) refers to esperar_tempo.o(.text) for Esperar_Tempo
    startup.o(RESET) refers to startup.o(STACK) for StackMem
    startup.o(RESET) refers to main.o(.text) for Start
    testar_chaves.o(.text) refers (Special) to utils.o(.text) for SysTick_Wait1ms
    testar_chaves.o(.text) refers to gpio.o(.text) for PortJ_Input
    esperar_tempo.o(.text) refers to utils.o(.text) for SysTick_Wait1ms
    ligar_leds.o(.text) refers (Special) to gpio.o(.text) for PortF_Output
    ligar_leds.o(.text) refers (Special) to utils.o(.text) for SysTick_Wait1ms
    ligar_leds.o(.text) refers to modo_passeio.o(.text) for Passeio_0
    ligar_leds.o(.text) refers to modo_contador.o(.text) for Contador_0
    modo_passeio.o(.text) refers (Special) to utils.o(.text) for SysTick_Wait1ms
    modo_passeio.o(.text) refers to gpio.o(.text) for PortN_Output
    modo_contador.o(.text) refers (Special) to utils.o(.text) for SysTick_Wait1ms
    modo_contador.o(.text) refers to gpio.o(.text) for PortF_Output


==============================================================================

Removing Unused input sections from the image.

    Removing main.o(DATA), (0 bytes).
    Removing startup.o(HEAP), (0 bytes).
    Removing startup.o(.text), (28 bytes).

3 unused section(s) (total 28 bytes) removed from the image.

==============================================================================

Image Symbol Table

    Local Symbols

    Symbol Name                              Value     Ov Type        Size  Object(Section)

    Esperar_Tempo.s                          0x00000000   Number         0  esperar_tempo.o ABSOLUTE
    Ligar_LEDs.s                             0x00000000   Number         0  ligar_leds.o ABSOLUTE
    Modo_Contador.s                          0x00000000   Number         0  modo_contador.o ABSOLUTE
    Modo_Passeio.s                           0x00000000   Number         0  modo_passeio.o ABSOLUTE
    Testar_Chaves.s                          0x00000000   Number         0  testar_chaves.o ABSOLUTE
    gpio.s                                   0x00000000   Number         0  gpio.o ABSOLUTE
    main.s                                   0x00000000   Number         0  main.o ABSOLUTE
    startup.s                                0x00000000   Number         0  startup.o ABSOLUTE
    utils.s                                  0x00000000   Number         0  utils.o ABSOLUTE
    RESET                                    0x00000000   Section      544  startup.o(RESET)
    $v0                                      0x00000208   Number         0  startup.o(RESET)
    $v0                                      0x00000220   Number         0  gpio.o(.text)
    .text                                    0x00000220   Section      272  gpio.o(.text)
    $v0                                      0x00000330   Number         0  main.o(.text)
    .text                                    0x00000330   Section       44  main.o(.text)
    $v0                                      0x0000035c   Number         0  utils.o(.text)
    .text                                    0x0000035c   Section      460  utils.o(.text)
    $v0                                      0x00000528   Number         0  testar_chaves.o(.text)
    .text                                    0x00000528   Section      108  testar_chaves.o(.text)
    $v0                                      0x00000594   Number         0  esperar_tempo.o(.text)
    .text                                    0x00000594   Section       40  esperar_tempo.o(.text)
    $v0                                      0x000005bc   Number         0  ligar_leds.o(.text)
    .text                                    0x000005bc   Section      180  ligar_leds.o(.text)
    $v0                                      0x00000670   Number         0  modo_passeio.o(.text)
    .text                                    0x00000670   Section      148  modo_passeio.o(.text)
    $v0                                      0x00000704   Number         0  modo_contador.o(.text)
    .text                                    0x00000704   Section      372  modo_contador.o(.text)
    StackMem                                 0x20000000   Data           0  startup.o(STACK)
    STACK                                    0x20000000   Section     1024  startup.o(STACK)

    Global Symbols

    Symbol Name                              Value     Ov Type        Size  Object(Section)

    BuildAttributes$$THM_ISAv4$E$P$D$K$B$S$7EM$VFPi3$EXTD16$VFPS$VFMA$PE$A:L22UL41UL21$X:L11$S22US41US21$IEEE1$~IW$USESV6$~STKCKD$USESV7$~SHL$OSPACE$EBA8$STANDARDLIB$EABIv2 0x00000000   Number         0  anon$$obj.o ABSOLUTE
    __Vectors                                0x00000000   Data           0  startup.o(RESET)
    Reset_Handler                            0x00000209   Thumb Code     0  startup.o(RESET)
    NMI_Handler                              0x0000020d   Thumb Code     2  startup.o(RESET)
    HardFault_Handler                        0x0000020f   Thumb Code     2  startup.o(RESET)
    MemManage_Handler                        0x00000211   Thumb Code     2  startup.o(RESET)
    BusFault_Handler                         0x00000213   Thumb Code     2  startup.o(RESET)
    UsageFault_Handler                       0x00000215   Thumb Code     2  startup.o(RESET)
    SVC_Handler                              0x00000217   Thumb Code     2  startup.o(RESET)
    DebugMon_Handler                         0x00000219   Thumb Code     2  startup.o(RESET)
    PendSV_Handler                           0x0000021b   Thumb Code     2  startup.o(RESET)
    SysTick_Handler                          0x0000021d   Thumb Code     2  startup.o(RESET)
    ADC0Seq0_Handler                         0x0000021f   Thumb Code     0  startup.o(RESET)
    ADC0Seq1_Handler                         0x0000021f   Thumb Code     0  startup.o(RESET)
    ADC0Seq2_Handler                         0x0000021f   Thumb Code     0  startup.o(RESET)
    ADC0Seq3_Handler                         0x0000021f   Thumb Code     0  startup.o(RESET)
    ADC1Seq0_Handler                         0x0000021f   Thumb Code     0  startup.o(RESET)
    ADC1Seq1_Handler                         0x0000021f   Thumb Code     0  startup.o(RESET)
    ADC1Seq2_Handler                         0x0000021f   Thumb Code     0  startup.o(RESET)
    ADC1Seq3_Handler                         0x0000021f   Thumb Code     0  startup.o(RESET)
    CAN0_Handler                             0x0000021f   Thumb Code     0  startup.o(RESET)
    CAN1_Handler                             0x0000021f   Thumb Code     0  startup.o(RESET)
    Comp0_Handler                            0x0000021f   Thumb Code     0  startup.o(RESET)
    Comp1_Handler                            0x0000021f   Thumb Code     0  startup.o(RESET)
    Comp2_Handler                            0x0000021f   Thumb Code     0  startup.o(RESET)
    Ethernet_Handler                         0x0000021f   Thumb Code     0  startup.o(RESET)
    ExtBus_Handler                           0x0000021f   Thumb Code     0  startup.o(RESET)
    FPU_Handler                              0x0000021f   Thumb Code     0  startup.o(RESET)
    FlashCtl_Handler                         0x0000021f   Thumb Code     0  startup.o(RESET)
    GPIOPortA_Handler                        0x0000021f   Thumb Code     0  startup.o(RESET)
    GPIOPortB_Handler                        0x0000021f   Thumb Code     0  startup.o(RESET)
    GPIOPortC_Handler                        0x0000021f   Thumb Code     0  startup.o(RESET)
    GPIOPortD_Handler                        0x0000021f   Thumb Code     0  startup.o(RESET)
    GPIOPortE_Handler                        0x0000021f   Thumb Code     0  startup.o(RESET)
    GPIOPortF_Handler                        0x0000021f   Thumb Code     0  startup.o(RESET)
    GPIOPortG_Handler                        0x0000021f   Thumb Code     0  startup.o(RESET)
    GPIOPortH_Handler                        0x0000021f   Thumb Code     0  startup.o(RESET)
    GPIOPortJ_Handler                        0x0000021f   Thumb Code     0  startup.o(RESET)
    GPIOPortK_Handler                        0x0000021f   Thumb Code     0  startup.o(RESET)
    GPIOPortL_Handler                        0x0000021f   Thumb Code     0  startup.o(RESET)
    GPIOPortM_Handler                        0x0000021f   Thumb Code     0  startup.o(RESET)
    GPIOPortN_Handler                        0x0000021f   Thumb Code     0  startup.o(RESET)
    GPIOPortP1_Handler                       0x0000021f   Thumb Code     0  startup.o(RESET)
    GPIOPortP2_Handler                       0x0000021f   Thumb Code     0  startup.o(RESET)
    GPIOPortP3_Handler                       0x0000021f   Thumb Code     0  startup.o(RESET)
    GPIOPortP4_Handler                       0x0000021f   Thumb Code     0  startup.o(RESET)
    GPIOPortP5_Handler                       0x0000021f   Thumb Code     0  startup.o(RESET)
    GPIOPortP6_Handler                       0x0000021f   Thumb Code     0  startup.o(RESET)
    GPIOPortP7_Handler                       0x0000021f   Thumb Code     0  startup.o(RESET)
    GPIOPortP_Handler                        0x0000021f   Thumb Code     0  startup.o(RESET)
    GPIOPortQ1_Handler                       0x0000021f   Thumb Code     0  startup.o(RESET)
    GPIOPortQ2_Handler                       0x0000021f   Thumb Code     0  startup.o(RESET)
    GPIOPortQ3_Handler                       0x0000021f   Thumb Code     0  startup.o(RESET)
    GPIOPortQ4_Handler                       0x0000021f   Thumb Code     0  startup.o(RESET)
    GPIOPortQ5_Handler                       0x0000021f   Thumb Code     0  startup.o(RESET)
    GPIOPortQ6_Handler                       0x0000021f   Thumb Code     0  startup.o(RESET)
    GPIOPortQ7_Handler                       0x0000021f   Thumb Code     0  startup.o(RESET)
    GPIOPortQ_Handler                        0x0000021f   Thumb Code     0  startup.o(RESET)
    Hibernate_Handler                        0x0000021f   Thumb Code     0  startup.o(RESET)
    I2C0_Handler                             0x0000021f   Thumb Code     0  startup.o(RESET)
    I2C1_Handler                             0x0000021f   Thumb Code     0  startup.o(RESET)
    I2C2_Handler                             0x0000021f   Thumb Code     0  startup.o(RESET)
    I2C3_Handler                             0x0000021f   Thumb Code     0  startup.o(RESET)
    I2C4_Handler                             0x0000021f   Thumb Code     0  startup.o(RESET)
    I2C5_Handler                             0x0000021f   Thumb Code     0  startup.o(RESET)
    I2C6_Handler                             0x0000021f   Thumb Code     0  startup.o(RESET)
    I2C7_Handler                             0x0000021f   Thumb Code     0  startup.o(RESET)
    I2C8_Handler                             0x0000021f   Thumb Code     0  startup.o(RESET)
    I2C9_Handler                             0x0000021f   Thumb Code     0  startup.o(RESET)
    PWM0Fault_Handler                        0x0000021f   Thumb Code     0  startup.o(RESET)
    PWM0Generator0_Handler                   0x0000021f   Thumb Code     0  startup.o(RESET)
    PWM0Generator1_Handler                   0x0000021f   Thumb Code     0  startup.o(RESET)
    PWM0Generator2_Handler                   0x0000021f   Thumb Code     0  startup.o(RESET)
    PWM0Generator3_Handler                   0x0000021f   Thumb Code     0  startup.o(RESET)
    Quadrature0_Handler                      0x0000021f   Thumb Code     0  startup.o(RESET)
    SSI0_Handler                             0x0000021f   Thumb Code     0  startup.o(RESET)
    SSI1_Handler                             0x0000021f   Thumb Code     0  startup.o(RESET)
    SSI2_Handler                             0x0000021f   Thumb Code     0  startup.o(RESET)
    SSI3_Handler                             0x0000021f   Thumb Code     0  startup.o(RESET)
    SysCtl_Handler                           0x0000021f   Thumb Code     0  startup.o(RESET)
    Tamper_Handler                           0x0000021f   Thumb Code     0  startup.o(RESET)
    Timer0A_Handler                          0x0000021f   Thumb Code     0  startup.o(RESET)
    Timer0B_Handler                          0x0000021f   Thumb Code     0  startup.o(RESET)
    Timer1A_Handler                          0x0000021f   Thumb Code     0  startup.o(RESET)
    Timer1B_Handler                          0x0000021f   Thumb Code     0  startup.o(RESET)
    Timer2A_Handler                          0x0000021f   Thumb Code     0  startup.o(RESET)
    Timer2B_Handler                          0x0000021f   Thumb Code     0  startup.o(RESET)
    Timer3A_Handler                          0x0000021f   Thumb Code     0  startup.o(RESET)
    Timer3B_Handler                          0x0000021f   Thumb Code     0  startup.o(RESET)
    Timer4A_Handler                          0x0000021f   Thumb Code     0  startup.o(RESET)
    Timer4B_Handler                          0x0000021f   Thumb Code     0  startup.o(RESET)
    Timer5A_Handler                          0x0000021f   Thumb Code     0  startup.o(RESET)
    Timer5B_Handler                          0x0000021f   Thumb Code     0  startup.o(RESET)
    Timer6A_Handler                          0x0000021f   Thumb Code     0  startup.o(RESET)
    Timer6B_Handler                          0x0000021f   Thumb Code     0  startup.o(RESET)
    Timer7A_Handler                          0x0000021f   Thumb Code     0  startup.o(RESET)
    Timer7B_Handler                          0x0000021f   Thumb Code     0  startup.o(RESET)
    UART0_Handler                            0x0000021f   Thumb Code     0  startup.o(RESET)
    UART1_Handler                            0x0000021f   Thumb Code     0  startup.o(RESET)
    UART2_Handler                            0x0000021f   Thumb Code     0  startup.o(RESET)
    UART3_Handler                            0x0000021f   Thumb Code     0  startup.o(RESET)
    UART4_Handler                            0x0000021f   Thumb Code     0  startup.o(RESET)
    UART5_Handler                            0x0000021f   Thumb Code     0  startup.o(RESET)
    UART6_Handler                            0x0000021f   Thumb Code     0  startup.o(RESET)
    UART7_Handler                            0x0000021f   Thumb Code     0  startup.o(RESET)
    USB0_Handler                             0x0000021f   Thumb Code     0  startup.o(RESET)
    WDT_Handler                              0x0000021f   Thumb Code     0  startup.o(RESET)
    uDMA_Error                               0x0000021f   Thumb Code     0  startup.o(RESET)
    uDMA_Handler                             0x0000021f   Thumb Code     0  startup.o(RESET)
    GPIO_Init                                0x00000221   Thumb Code     0  gpio.o(.text)
    PortN_Output                             0x000002b7   Thumb Code     0  gpio.o(.text)
    PortJ_Input                              0x000002c7   Thumb Code     0  gpio.o(.text)
    PortF_Output                             0x000002cd   Thumb Code     0  gpio.o(.text)
    Start                                    0x00000331   Thumb Code     0  main.o(.text)
    PLL_Init                                 0x0000035d   Thumb Code     0  utils.o(.text)
    SysTick_Init                             0x00000485   Thumb Code     0  utils.o(.text)
    SysTick_Wait1ms                          0x000004bb   Thumb Code     0  utils.o(.text)
    Testar_Chaves                            0x00000529   Thumb Code     0  testar_chaves.o(.text)
    Esperar_Tempo                            0x00000595   Thumb Code     0  esperar_tempo.o(.text)
    Ligar_LEDs                               0x000005bd   Thumb Code     0  ligar_leds.o(.text)
    Passeio_0                                0x00000671   Thumb Code     0  modo_passeio.o(.text)
    Passeio_1                                0x00000685   Thumb Code     0  modo_passeio.o(.text)
    Passeio_2                                0x00000699   Thumb Code     0  modo_passeio.o(.text)
    Passeio_3                                0x000006bb   Thumb Code     0  modo_passeio.o(.text)
    Passeio_4                                0x000006cf   Thumb Code     0  modo_passeio.o(.text)
    Passeio_5                                0x000006e3   Thumb Code     0  modo_passeio.o(.text)
    Contador_0                               0x00000705   Thumb Code     0  modo_contador.o(.text)
    Contador_1                               0x00000723   Thumb Code     0  modo_contador.o(.text)
    Contador_2                               0x00000737   Thumb Code     0  modo_contador.o(.text)
    Contador_3                               0x0000074b   Thumb Code     0  modo_contador.o(.text)
    Contador_4                               0x0000075f   Thumb Code     0  modo_contador.o(.text)
    Contador_5                               0x00000781   Thumb Code     0  modo_contador.o(.text)
    Contador_6                               0x00000795   Thumb Code     0  modo_contador.o(.text)
    Contador_7                               0x000007a9   Thumb Code     0  modo_contador.o(.text)
    Contador_8                               0x000007bd   Thumb Code     0  modo_contador.o(.text)
    Contador_9                               0x000007df   Thumb Code     0  modo_contador.o(.text)
    Contador_10                              0x000007f3   Thumb Code     0  modo_contador.o(.text)
    Contador_11                              0x00000807   Thumb Code     0  modo_contador.o(.text)
    Contador_12                              0x0000081b   Thumb Code     0  modo_contador.o(.text)
    Contador_13                              0x0000083d   Thumb Code     0  modo_contador.o(.text)
    Contador_14                              0x00000851   Thumb Code     0  modo_contador.o(.text)
    Contador_15                              0x00000865   Thumb Code     0  modo_contador.o(.text)



==============================================================================

Memory Map of the image

  Image Entry point : 0x00000209

  Load Region LR_1 (Base: 0x00000000, Size: 0x00000878, Max: 0xffffffff, ABSOLUTE)

    Execution Region ER_RO (Exec base: 0x00000000, Load base: 0x00000000, Size: 0x00000878, Max: 0xffffffff, ABSOLUTE)

    Exec Addr    Load Addr    Size         Type   Attr      Idx    E Section Name        Object

    0x00000000   0x00000000   0x00000220   Code   RO           12  * RESET               startup.o
    0x00000220   0x00000220   0x00000110   Code   RO            1    .text               gpio.o
    0x00000330   0x00000330   0x0000002c   Code   RO            7    .text               main.o
    0x0000035c   0x0000035c   0x000001cc   Code   RO           19    .text               utils.o
    0x00000528   0x00000528   0x0000006c   Code   RO           22    .text               testar_chaves.o
    0x00000594   0x00000594   0x00000028   Code   RO           25    .text               esperar_tempo.o
    0x000005bc   0x000005bc   0x000000b4   Code   RO           28    .text               ligar_leds.o
    0x00000670   0x00000670   0x00000094   Code   RO           31    .text               modo_passeio.o
    0x00000704   0x00000704   0x00000174   Code   RO           34    .text               modo_contador.o


    Execution Region ER_RW (Exec base: 0x20000000, Load base: 0x00000878, Size: 0x00000000, Max: 0xffffffff, ABSOLUTE)

    **** No section assigned to this execution region ****


    Execution Region ER_ZI (Exec base: 0x20000000, Load base: 0x00000878, Size: 0x00000400, Max: 0xffffffff, ABSOLUTE)

    Exec Addr    Load Addr    Size         Type   Attr      Idx    E Section Name        Object

    0x20000000        -       0x00000400   Zero   RW           10    STACK               startup.o


==============================================================================

Image component sizes


      Code (inc. data)   RO Data    RW Data    ZI Data      Debug   Object Name

        40          0          0          0          0        208   esperar_tempo.o
       272         84          0          0          0        288   gpio.o
       180          2          0          0          0        240   ligar_leds.o
        44          2          0          0          0        188   main.o
       372          0          0          0          0        308   modo_contador.o
       148          0          0          0          0        240   modo_passeio.o
       544        520          0          0       1024        720   startup.o
       108          0          0          0          0        232   testar_chaves.o
       460         92          0          0          0        332   utils.o

    ----------------------------------------------------------------------
      2168        700          0          0       1024       2756   Object Totals
         0          0          0          0          0          0   (incl. Generated)
         0          0          0          0          0          0   (incl. Padding)

    ----------------------------------------------------------------------
         0          0          0          0          0          0   Library Totals
         0          0          0          0          0          0   (incl. Padding)

    ----------------------------------------------------------------------

==============================================================================


      Code (inc. data)   RO Data    RW Data    ZI Data      Debug   

      2168        700          0          0       1024       2756   Grand Totals
      2168        700          0          0       1024       2756   ELF Image Totals
      2168        700          0          0          0          0   ROM Totals

==============================================================================

    Total RO  Size (Code + RO Data)                 2168 (   2.12kB)
    Total RW  Size (RW Data + ZI Data)              1024 (   1.00kB)
    Total ROM Size (Code + RO Data + RW Data)       2168 (   2.12kB)

==============================================================================

